#./src/main/resources/Entities.map
#Thu Jun 06 20:01:38 CEST 2019
comment5=344
comment4=343
message4=363
comment3=342
message3=362
comment2=341
message2=361
comment1=339
message1=360
moderator3=215
moderator2=214
moderator1=213
film5=329
film4=328
film3=327
sponsorship4=359
film2=326
sponsorship3=358
film1=325
sponsorship2=357
sponsorship1=356
critic3=224
critic2=223
spamBoxCritic3=251
personalData3=302
critic1=222
outBoxModerator3=272
spamBoxCritic2=260
personalData2=301
outBoxModerator2=277
spamBoxCritic1=256
personalData1=296
outBoxModerator1=267
inBoxFilmEnthusiast3=290
inBoxFilmEnthusiast2=285
inBoxFilmEnthusiast1=280
notificationBoxSponsor3=244
notificationBoxSponsor2=249
notificationBoxSponsor1=239
event4=355
event3=354
event2=353
userModerator3=187
event1=352
userModerator2=186
spamBoxFilmEnthusiast3=291
userModerator1=185
spamBoxFilmEnthusiast2=286
spamBoxFilmEnthusiast1=281
socialProfileFilmEnthusiast3=210
socialProfileFilmEnthusiast2=209
socialProfileFilmEnthusiast1=208
forum5=338
forum4=337
forum3=336
saga6=311
trashBoxAdmin2=233
forum2=335
saga5=310
trashBoxAdmin1=228
forum1=334
saga4=309
userFilmEnthusiast3=196
saga3=308
userFilmEnthusiast2=195
saga2=307
userFilmEnthusiast1=194
saga1=306
notificationBoxFilmEnthusiast3=294
notificationBoxFilmEnthusiast2=289
notificationBoxFilmEnthusiast1=284
curricula2=300
curricula1=295
socialProfileCritic3=206
socialProfileCritic2=207
socialProfileCritic1=205
filmEnthusiast3=221
filmEnthusiast2=220
filmEnthusiast1=219
trashBoxSponsor3=243
trashBoxSponsor2=248
trashBoxSponsor1=238
socialProfileModerator3=201
socialProfileModerator2=200
notificationBoxCritic3=254
socialProfileModerator1=199
notificationBoxCritic2=264
notificationBoxCritic1=259
notificationBoxModerator3=274
notificationBoxModerator2=279
notificationBoxModerator1=269
outBoxFilmEnthusiast3=292
outBoxFilmEnthusiast2=287
outBoxFilmEnthusiast1=282
userCritic3=193
userCritic2=192
userCritic1=191
comment10=340
outBoxAdmin2=232
outBoxAdmin1=227
visualization4=333
visualization3=332
visualization2=331
visualization1=330
genre5=316
genre4=315
genre3=314
genre2=313
genre1=312
socialProfileAdmin2=198
socialProfileAdmin1=197
userAdmin2=184
userAdmin1=183
userSponsor3=190
userSponsor2=189
userSponsor1=188
finder3=305
finder2=304
professionalData1=299
finder1=303
educationData1=297
sponsor3=217
sponsor2=218
sponsor1=216
spamBoxAdmin2=231
notificationBoxAdmin2=234
spamBoxAdmin1=226
notificationBoxAdmin1=229
outBoxSponsor3=242
outBoxSponsor2=247
outBoxSponsor1=237
miscellaneousData1=298
socialProfileSponsor3=203
socialProfileSponsor2=204
socialProfileSponsor1=202
review7=351
person4=324
review6=350
person3=323
review5=349
person2=322
review4=348
person1=321
review3=347
review2=346
review1=345
inBoxCritic3=250
inBoxCritic2=261
inBoxCritic1=255
outBoxCritic3=252
outBoxCritic2=262
outBoxCritic1=257
spamBoxModerator3=271
spamBoxModerator2=276
spamBoxModerator1=266
trashBoxCritic3=253
inBoxSponsor3=240
trashBoxCritic2=263
inBoxSponsor2=245
trashBoxCritic1=258
inBoxSponsor1=235
position4=320
position3=319
trashBoxModerator3=273
position2=318
trashBoxModerator2=278
position1=317
trashBoxModerator1=268
inBoxAdmin2=230
inBoxAdmin1=225
inBoxModerator3=270
inBoxModerator2=275
inBoxModerator1=265
trashBoxFilmEnthusiast3=293
trashBoxFilmEnthusiast2=288
spamBoxSponsor3=241
trashBoxFilmEnthusiast1=283
spamBoxSponsor2=246
spamBoxSponsor1=236
administrator2=212
administrator1=211
sysConf=364
