#./src/main/resources/Entities.map
#Thu May 23 21:30:30 CEST 2019
trashBoxFilmEnthusiast1=214
curricula1=216
socialProfileSponsor1=184
outBoxSponsor1=198
trashBoxAdmin1=194
personalData1=217
sponsor1=189
outBoxFilmEnthusiast1=213
person1=225
notificationBoxCritic1=205
inBoxAdmin1=191
trashBoxSponsor1=199
review1=229
event1=232
saga1=222
trashBoxModerator1=209
spamBoxModerator1=207
miscellaneousData1=219
spamBoxFilmEnthusiast1=212
spamBoxSponsor1=197
moderator1=188
notificationBoxAdmin1=195
spamBoxAdmin1=192
userSponsor1=179
professionalData1=220
notificationBoxModerator1=210
forum1=231
outBoxAdmin1=193
educationData1=218
userFilmEnthusiast1=181
inBoxSponsor1=196
socialProfileFilmEnthusiast1=186
notificationBoxSponsor1=200
notificationBoxFilmEnthusiast1=215
spamBoxCritic1=202
visualization1=227
film1=226
administrator1=187
inBoxModerator1=206
socialProfileModerator1=183
trashBoxCritic1=204
outBoxCritic1=203
comment1=228
userAdmin1=177
userCritic1=180
userModerator1=178
inBoxCritic1=201
socialProfileCritic1=185
inBoxFilmEnthusiast1=211
socialProfileAdmin1=182
position1=224
filmEnthusiast1=230
finder1=221
critic1=190
genre1=223
outBoxModerator1=208
