#./src/main/resources/Entities.map
#Sat Jun 01 13:53:10 CEST 2019
comment5=346
comment4=345
message4=365
comment3=344
message3=364
comment2=343
message2=363
comment1=340
message1=362
moderator3=216
moderator2=215
moderator1=214
film5=331
film4=330
film3=329
sponsorship4=361
film2=328
sponsorship3=360
film1=327
sponsorship2=359
sponsorship1=358
critic3=225
critic2=224
spamBoxCritic3=252
personalData3=304
critic1=223
outBoxModerator3=273
spamBoxCritic2=261
personalData2=302
outBoxModerator2=278
spamBoxCritic1=257
personalData1=297
outBoxModerator1=268
inBoxFilmEnthusiast3=291
inBoxFilmEnthusiast2=286
inBoxFilmEnthusiast1=281
notificationBoxSponsor3=245
notificationBoxSponsor2=250
notificationBoxSponsor1=240
event4=357
event3=356
event2=355
userModerator3=188
event1=354
userModerator2=187
spamBoxFilmEnthusiast3=292
userModerator1=186
spamBoxFilmEnthusiast2=287
spamBoxFilmEnthusiast1=282
socialProfileFilmEnthusiast3=211
socialProfileFilmEnthusiast2=210
socialProfileFilmEnthusiast1=209
forum4=339
forum3=338
saga6=313
trashBoxAdmin2=234
forum2=337
saga5=312
trashBoxAdmin1=229
forum1=336
saga4=311
userFilmEnthusiast3=197
saga3=310
userFilmEnthusiast2=196
saga2=309
userFilmEnthusiast1=195
saga1=308
notificationBoxFilmEnthusiast3=295
notificationBoxFilmEnthusiast2=290
notificationBoxFilmEnthusiast1=285
curricula3=303
curricula2=301
curricula1=296
socialProfileCritic3=207
socialProfileCritic2=208
socialProfileCritic1=206
filmEnthusiast3=222
filmEnthusiast2=221
filmEnthusiast1=220
trashBoxSponsor3=244
trashBoxSponsor2=249
trashBoxSponsor1=239
socialProfileModerator3=202
socialProfileModerator2=201
notificationBoxCritic3=255
socialProfileModerator1=200
notificationBoxCritic2=265
notificationBoxCritic1=260
notificationBoxModerator3=275
notificationBoxModerator2=280
notificationBoxModerator1=270
outBoxFilmEnthusiast3=293
outBoxFilmEnthusiast2=288
outBoxFilmEnthusiast1=283
userCritic3=194
userCritic2=193
userCritic1=192
comment10=342
outBoxAdmin2=233
outBoxAdmin1=228
visualization4=335
visualization3=334
visualization2=333
visualization1=332
genre5=318
genre4=317
genre3=316
genre2=315
genre1=314
socialProfileAdmin2=199
socialProfileAdmin1=198
userAdmin2=185
userAdmin1=184
userSponsor3=191
userSponsor2=190
userSponsor1=189
finder3=307
finder2=306
professionalData1=300
finder1=305
educationData1=298
sponsor3=218
sponsor2=219
sponsor1=217
spamBoxAdmin2=232
notificationBoxAdmin2=235
spamBoxAdmin1=227
notificationBoxAdmin1=230
outBoxSponsor3=243
outBoxSponsor2=248
outBoxSponsor1=238
miscellaneousData1=299
socialProfileSponsor3=204
socialProfileSponsor2=205
socialProfileSponsor1=203
review7=353
person4=326
review6=352
person3=325
review5=351
person2=324
review4=350
person1=323
review3=349
review2=348
review1=347
inBoxCritic3=251
inBoxCritic2=262
inBoxCritic1=256
outBoxCritic3=253
outBoxCritic2=263
outBoxCritic1=258
spamBoxModerator3=272
spamBoxModerator2=277
spamBoxModerator1=267
trashBoxCritic3=254
inBoxSponsor3=241
trashBoxCritic2=264
inBoxSponsor2=246
trashBoxCritic1=259
inBoxSponsor1=236
position4=322
position3=321
trashBoxModerator3=274
position2=320
trashBoxModerator2=279
position1=319
trashBoxModerator1=269
inBoxAdmin2=231
inBoxAdmin1=226
inBoxModerator3=271
inBoxModerator2=276
inBoxModerator1=266
trashBoxFilmEnthusiast3=294
trashBoxFilmEnthusiast2=289
spamBoxSponsor3=242
trashBoxFilmEnthusiast1=284
spamBoxSponsor2=247
spamBoxSponsor1=237
administrator2=213
administrator1=212
sysConf=366
comment9=341
